<math xmlns="http://www.w3.org/1998/Math/MathML"
      alttext="StartRoot 3 EndRoot plus StartFraction a plus 1 Over b minus 2 EndFraction"
      display="block">
   <semantics>
      <mrow data-semantic-children="1,11"
            data-semantic-content="2"
            data-semantic-id="12"
            data-semantic-role="addition"
            data-semantic-type="infixop"
            id="12">
         <mrow class="MJX-TeXAtom-ORD">
            <msqrt data-semantic-children="0"
                   data-semantic-id="1"
                   data-semantic-parent="12"
                   data-semantic-role="unknown"
                   data-semantic-type="sqrt"
                   id="1">
               <mn data-semantic-font="normal"
                   data-semantic-id="0"
                   data-semantic-parent="1"
                   data-semantic-role="integer"
                   data-semantic-type="number"
                   id="0">3</mn>
            </msqrt>
         </mrow>
         <mo data-semantic-id="2"
             data-semantic-operator="infixop,+"
             data-semantic-parent="12"
             data-semantic-role="addition"
             data-semantic-type="operator"
             id="2">+</mo>
         <mrow class="MJX-TeXAtom-ORD">
            <mfrac data-semantic-children="6,10"
                   data-semantic-id="11"
                   data-semantic-parent="12"
                   data-semantic-role="division"
                   data-semantic-type="fraction"
                   id="11">
               <mrow data-semantic-children="3,5"
                     data-semantic-content="4"
                     data-semantic-id="6"
                     data-semantic-parent="11"
                     data-semantic-role="addition"
                     data-semantic-type="infixop"
                     id="6">
                  <mi data-semantic-font="italic"
                      data-semantic-id="3"
                      data-semantic-parent="6"
                      data-semantic-role="latinletter"
                      data-semantic-type="identifier"
                      id="3">a</mi>
                  <mo data-semantic-id="4"
                      data-semantic-operator="infixop,+"
                      data-semantic-parent="6"
                      data-semantic-role="addition"
                      data-semantic-type="operator"
                      id="4">+</mo>
                  <mn data-semantic-font="normal"
                      data-semantic-id="5"
                      data-semantic-parent="6"
                      data-semantic-role="integer"
                      data-semantic-type="number"
                      id="5">1</mn>
               </mrow>
               <mrow data-semantic-children="7,9"
                     data-semantic-content="8"
                     data-semantic-id="10"
                     data-semantic-parent="11"
                     data-semantic-role="subtraction"
                     data-semantic-type="infixop"
                     id="10">
                  <mi data-semantic-font="italic"
                      data-semantic-id="7"
                      data-semantic-parent="10"
                      data-semantic-role="latinletter"
                      data-semantic-type="identifier"
                      id="7">b</mi>
                  <mo data-semantic-id="8"
                      data-semantic-operator="infixop,−"
                      data-semantic-parent="10"
                      data-semantic-role="subtraction"
                      data-semantic-type="operator"
                      id="8">−<!-- − --></mo>
                  <mn data-semantic-font="normal"
                      data-semantic-id="9"
                      data-semantic-parent="10"
                      data-semantic-role="integer"
                      data-semantic-type="number"
                      id="9">2</mn>
               </mrow>
            </mfrac>
         </mrow>
      </mrow>
      <annotation encoding="application/x-tex">{\sqrt {3}}+{\frac {a+1}{b-2}}</annotation>
      <annotation-xml encoding="MathML-Content">
         <apply id="c12" xref="12">
            <plus cd="operator" id="c2" xref="2">+</plus>
            <apply id="c1" xref="1">
               <root cd="sqrt" id="u0" xref="1"/>
               <cn cd="number" id="c0" xref="0">3</cn>
            </apply>
            <apply id="c11" xref="11">
               <divide cd="fraction" id="u1" xref="11"/>
               <apply id="c6" xref="6">
                  <plus cd="operator" id="c4" xref="4">+</plus>
                  <ci cd="identifier" id="c3" xref="3">a</ci>
                  <cn cd="number" id="c5" xref="5">1</cn>
               </apply>
               <apply id="c10" xref="10">
                  <minus cd="operator" id="c8" xref="8">−</minus>
                  <ci cd="identifier" id="c7" xref="7">b</ci>
                  <cn cd="number" id="c9" xref="9">2</cn>
               </apply>
            </apply>
         </apply>
      </annotation-xml>
   </semantics>
</math>