<apply xmlns="http://www.w3.org/1998/Math/MathML" id="c9" xref="p9">
   <int id="c9" xref="p9"/>
   <bvar id="u9" xref="p8">
            <ci cd="identifier" id="c5" xref="p5">d</ci>
            ‚Å£
            <ci cd="identifier" id="c6" xref="p6">x</ci>
         </bvar>
   <lowlimit id="c3" xref="p3">
      <ci cd="identifier" id="c1" xref="p1">a</ci>
   </lowlimit>
   <uplimit id="c3" xref="p3">
      <ci cd="identifier" id="c2" xref="p2">b</ci>
   </uplimit>
   <ci cd="identifier" id="c4" xref="p4">x</ci>
</apply>