<apply xmlns="http://www.w3.org/1998/Math/MathML" id="c12" xref="p12">
   <eq cd="relation" id="c7" xref="p7">=</eq>
   <apply id="c11" xref="p11">
      <plus cd="operator" id="c5" xref="p5">+</plus>
      <apply id="c9" xref="p9">
         <plus cd="operator" id="c2" xref="p2">+</plus>
         <ci cd="identifier" id="c1" xref="p1">a</ci>
         <ci cd="identifier" id="c3" xref="p3">b</ci>
      </apply>
      <ci cd="identifier" id="c6" xref="p6">c</ci>
   </apply>
   <ci cd="identifier" id="c8" xref="p8">d</ci>
</apply>