<apply xmlns="http://www.w3.org/1998/Math/MathML" id="c12" xref="p12">
   <plus cd="operator" id="c2" xref="p2">+</plus>
   <apply id="c1" xref="p1">
      <root id="u1" xref="p1"/>
      <cn cd="number" id="c0" xref="p0">3</cn>
   </apply>
   <apply id="c11" xref="p11">
      <divide id="u11" xref="p11"/>
      <apply id="c6" xref="p6">
         <plus cd="operator" id="c4" xref="p4">+</plus>
         <ci cd="identifier" id="c3" xref="p3">a</ci>
         <cn cd="number" id="c5" xref="p5">1</cn>
      </apply>
      <apply id="c10" xref="p10">
         <minus cd="operator" id="c8" xref="p8">âˆ’</minus>
         <ci cd="identifier" id="c7" xref="p7">b</ci>
         <cn cd="number" id="c9" xref="p9">2</cn>
      </apply>
   </apply>
</apply>