<apply xmlns="http://www.w3.org/1998/Math/MathML" id="c15" xref="p15">
   <eq cd="relation" id="c12" xref="p12">=</eq>
   <apply id="c14" xref="p14">
      <sum id="c14" xref="p14"/>
      <lowlimit id="c6" xref="p6">
         <apply id="c4" xref="p4">
            <eq cd="relation" id="c2" xref="p2">=</eq>
            <ci cd="identifier" id="c1" xref="p1">n</ci>
            <cn cd="number" id="c3" xref="p3">1</cn>
         </apply>
      </lowlimit>
      <uplimit id="c6" xref="p6">
         <ci cd="identifier" id="c5" xref="p5">∞</ci>
      </uplimit>
      <apply id="c11" xref="p11">
         <power id="u11" xref="p11"/>
         <cn cd="number" id="c7" xref="p7">2</cn>
         <apply id="c10" xref="p10">
            <minus cd="operator" id="c8" xref="p8">−</minus>
            <ci cd="identifier" id="c9" xref="p9">n</ci>
         </apply>
      </apply>
   </apply>
   <cn cd="number" id="c13" xref="p13">1</cn>
</apply>